[Tue Dec 19 17:53:19.167738 2023] [php:error] [pid 66931] [client 192.168.1.1:54555] PHP Fatal error:  Uncaught TypeError: Unsupported operand types: int + string in /var/www/html/personal/oop-php/views/partials/nav.php:35\nStack trace:\n#0 /var/www/html/personal/oop-php/views/about.view.php(2): require()\n#1 /var/www/html/personal/oop-php/Core/functions.php(41): require('...')\n#2 /var/www/html/personal/oop-php/Http/controllers/about.php(3): view()\n#3 /var/www/html/personal/oop-php/Core/Router.php(70): require('...')\n#4 /var/www/html/personal/oop-php/public/index.php(34): Core\\Router->route()\n#5 {main}\n  thrown in /var/www/html/personal/oop-php/views/partials/nav.php on line 35, referer: https://oop.devserver.ro/contact
[Tue Dec 19 17:53:19.349735 2023] [php:error] [pid 66931] [client 192.168.1.1:54555] PHP Fatal error:  Uncaught TypeError: Unsupported operand types: int + string in /var/www/html/personal/oop-php/views/partials/nav.php:35\nStack trace:\n#0 /var/www/html/personal/oop-php/views/404.php(2): require()\n#1 /var/www/html/personal/oop-php/Core/Router.php(79): require('...')\n#2 /var/www/html/personal/oop-php/Core/Router.php(74): Core\\Router->abort()\n#3 /var/www/html/personal/oop-php/public/index.php(34): Core\\Router->route()\n#4 {main}\n  thrown in /var/www/html/personal/oop-php/views/partials/nav.php on line 35, referer: https://oop.devserver.ro/about
[Tue Dec 19 17:53:19.777305 2023] [php:error] [pid 66931] [client 192.168.1.1:54555] PHP Fatal error:  Uncaught TypeError: Unsupported operand types: int + string in /var/www/html/personal/oop-php/views/partials/nav.php:35\nStack trace:\n#0 /var/www/html/personal/oop-php/views/index.view.php(2): require()\n#1 /var/www/html/personal/oop-php/Core/functions.php(41): require('...')\n#2 /var/www/html/personal/oop-php/Http/controllers/index.php(5): view()\n#3 /var/www/html/personal/oop-php/Core/Router.php(70): require('...')\n#4 /var/www/html/personal/oop-php/public/index.php(34): Core\\Router->route()\n#5 {main}\n  thrown in /var/www/html/personal/oop-php/views/partials/nav.php on line 35, referer: https://oop.devserver.ro/about
[Tue Dec 19 17:53:20.166173 2023] [php:error] [pid 66931] [client 192.168.1.1:54555] PHP Fatal error:  Uncaught TypeError: Unsupported operand types: int + string in /var/www/html/personal/oop-php/views/partials/nav.php:35\nStack trace:\n#0 /var/www/html/personal/oop-php/views/404.php(2): require()\n#1 /var/www/html/personal/oop-php/Core/Router.php(79): require('...')\n#2 /var/www/html/personal/oop-php/Core/Router.php(74): Core\\Router->abort()\n#3 /var/www/html/personal/oop-php/public/index.php(34): Core\\Router->route()\n#4 {main}\n  thrown in /var/www/html/personal/oop-php/views/partials/nav.php on line 35, referer: https://oop.devserver.ro/
[Tue Dec 19 17:53:20.776434 2023] [php:error] [pid 66931] [client 192.168.1.1:54555] PHP Fatal error:  Uncaught TypeError: Unsupported operand types: int + string in /var/www/html/personal/oop-php/views/partials/nav.php:35\nStack trace:\n#0 /var/www/html/personal/oop-php/views/contact.view.php(2): require()\n#1 /var/www/html/personal/oop-php/Core/functions.php(41): require('...')\n#2 /var/www/html/personal/oop-php/Http/controllers/contact.php(3): view()\n#3 /var/www/html/personal/oop-php/Core/Router.php(70): require('...')\n#4 /var/www/html/personal/oop-php/public/index.php(34): Core\\Router->route()\n#5 {main}\n  thrown in /var/www/html/personal/oop-php/views/partials/nav.php on line 35, referer: https://oop.devserver.ro/
[Tue Dec 19 17:53:20.971991 2023] [php:error] [pid 66931] [client 192.168.1.1:54555] PHP Fatal error:  Uncaught TypeError: Unsupported operand types: int + string in /var/www/html/personal/oop-php/views/partials/nav.php:35\nStack trace:\n#0 /var/www/html/personal/oop-php/views/404.php(2): require()\n#1 /var/www/html/personal/oop-php/Core/Router.php(79): require('...')\n#2 /var/www/html/personal/oop-php/Core/Router.php(74): Core\\Router->abort()\n#3 /var/www/html/personal/oop-php/public/index.php(34): Core\\Router->route()\n#4 {main}\n  thrown in /var/www/html/personal/oop-php/views/partials/nav.php on line 35, referer: https://oop.devserver.ro/contact
[Tue Dec 19 17:53:21.630395 2023] [php:error] [pid 66931] [client 192.168.1.1:54555] PHP Fatal error:  Uncaught TypeError: Unsupported operand types: int + string in /var/www/html/personal/oop-php/views/partials/nav.php:35\nStack trace:\n#0 /var/www/html/personal/oop-php/views/products/index.view.php(2): require()\n#1 /var/www/html/personal/oop-php/Core/functions.php(41): require('...')\n#2 /var/www/html/personal/oop-php/Http/controllers/products/index.php(17): view()\n#3 /var/www/html/personal/oop-php/Core/Router.php(70): require('...')\n#4 /var/www/html/personal/oop-php/public/index.php(34): Core\\Router->route()\n#5 {main}\n  thrown in /var/www/html/personal/oop-php/views/partials/nav.php on line 35, referer: https://oop.devserver.ro/contact
[Tue Dec 19 17:53:22.185567 2023] [php:error] [pid 66931] [client 192.168.1.1:54555] PHP Fatal error:  Uncaught TypeError: Unsupported operand types: int + string in /var/www/html/personal/oop-php/views/partials/nav.php:35\nStack trace:\n#0 /var/www/html/personal/oop-php/views/404.php(2): require()\n#1 /var/www/html/personal/oop-php/Core/Router.php(79): require('...')\n#2 /var/www/html/personal/oop-php/Core/Router.php(74): Core\\Router->abort()\n#3 /var/www/html/personal/oop-php/public/index.php(34): Core\\Router->route()\n#4 {main}\n  thrown in /var/www/html/personal/oop-php/views/partials/nav.php on line 35, referer: https://oop.devserver.ro/products
[Tue Dec 19 17:53:51.720748 2023] [php:error] [pid 66934] [client 192.168.1.1:54591] PHP Fatal error:  Uncaught TypeError: Unsupported operand types: string * float in /var/www/html/personal/oop-php/views/cart/index.view.php:38\nStack trace:\n#0 /var/www/html/personal/oop-php/Core/functions.php(41): require()\n#1 /var/www/html/personal/oop-php/Http/controllers/cart/index.php(4): view()\n#2 /var/www/html/personal/oop-php/Core/Router.php(70): require('...')\n#3 /var/www/html/personal/oop-php/public/index.php(34): Core\\Router->route()\n#4 {main}\n  thrown in /var/www/html/personal/oop-php/views/cart/index.view.php on line 38, referer: https://oop.devserver.ro/products
[Tue Dec 19 18:00:17.897283 2023] [php:error] [pid 66933] [client 192.168.1.1:54792] PHP Fatal error:  Uncaught TypeError: Unsupported operand types: int + string in /var/www/html/personal/oop-php/views/partials/nav.php:35\nStack trace:\n#0 /var/www/html/personal/oop-php/views/cart/index.view.php(2): require()\n#1 /var/www/html/personal/oop-php/Core/functions.php(41): require('...')\n#2 /var/www/html/personal/oop-php/Http/controllers/cart/index.php(4): view()\n#3 /var/www/html/personal/oop-php/Core/Router.php(70): require('...')\n#4 /var/www/html/personal/oop-php/public/index.php(34): Core\\Router->route()\n#5 {main}\n  thrown in /var/www/html/personal/oop-php/views/partials/nav.php on line 35, referer: https://oop.devserver.ro/cart
[Tue Dec 19 18:00:18.242471 2023] [php:error] [pid 66933] [client 192.168.1.1:54792] PHP Fatal error:  Uncaught TypeError: Unsupported operand types: int + string in /var/www/html/personal/oop-php/views/partials/nav.php:35\nStack trace:\n#0 /var/www/html/personal/oop-php/views/404.php(2): require()\n#1 /var/www/html/personal/oop-php/Core/Router.php(79): require('...')\n#2 /var/www/html/personal/oop-php/Core/Router.php(74): Core\\Router->abort()\n#3 /var/www/html/personal/oop-php/public/index.php(34): Core\\Router->route()\n#4 {main}\n  thrown in /var/www/html/personal/oop-php/views/partials/nav.php on line 35, referer: https://oop.devserver.ro/cart
[Tue Dec 19 18:00:33.949887 2023] [php:error] [pid 67088] [client 192.168.1.1:54793] PHP Fatal error:  Uncaught TypeError: Unsupported operand types: int + string in /var/www/html/personal/oop-php/views/partials/nav.php:35\nStack trace:\n#0 /var/www/html/personal/oop-php/views/products/index.view.php(2): require()\n#1 /var/www/html/personal/oop-php/Core/functions.php(41): require('...')\n#2 /var/www/html/personal/oop-php/Http/controllers/products/index.php(17): view()\n#3 /var/www/html/personal/oop-php/Core/Router.php(70): require('...')\n#4 /var/www/html/personal/oop-php/public/index.php(34): Core\\Router->route()\n#5 {main}\n  thrown in /var/www/html/personal/oop-php/views/partials/nav.php on line 35, referer: https://oop.devserver.ro/cart
[Tue Dec 19 18:00:34.195861 2023] [php:error] [pid 67088] [client 192.168.1.1:54793] PHP Fatal error:  Uncaught TypeError: Unsupported operand types: int + string in /var/www/html/personal/oop-php/views/partials/nav.php:35\nStack trace:\n#0 /var/www/html/personal/oop-php/views/404.php(2): require()\n#1 /var/www/html/personal/oop-php/Core/Router.php(79): require('...')\n#2 /var/www/html/personal/oop-php/Core/Router.php(74): Core\\Router->abort()\n#3 /var/www/html/personal/oop-php/public/index.php(34): Core\\Router->route()\n#4 {main}\n  thrown in /var/www/html/personal/oop-php/views/partials/nav.php on line 35, referer: https://oop.devserver.ro/products
[Tue Dec 19 18:00:35.875206 2023] [php:error] [pid 67088] [client 192.168.1.1:54793] PHP Fatal error:  Uncaught TypeError: Unsupported operand types: int + string in /var/www/html/personal/oop-php/views/partials/nav.php:35\nStack trace:\n#0 /var/www/html/personal/oop-php/views/cart/index.view.php(2): require()\n#1 /var/www/html/personal/oop-php/Core/functions.php(41): require('...')\n#2 /var/www/html/personal/oop-php/Http/controllers/cart/index.php(4): view()\n#3 /var/www/html/personal/oop-php/Core/Router.php(70): require('...')\n#4 /var/www/html/personal/oop-php/public/index.php(34): Core\\Router->route()\n#5 {main}\n  thrown in /var/www/html/personal/oop-php/views/partials/nav.php on line 35, referer: https://oop.devserver.ro/products
[Tue Dec 19 18:00:36.355312 2023] [php:error] [pid 67088] [client 192.168.1.1:54793] PHP Fatal error:  Uncaught TypeError: Unsupported operand types: int + string in /var/www/html/personal/oop-php/views/partials/nav.php:35\nStack trace:\n#0 /var/www/html/personal/oop-php/views/404.php(2): require()\n#1 /var/www/html/personal/oop-php/Core/Router.php(79): require('...')\n#2 /var/www/html/personal/oop-php/Core/Router.php(74): Core\\Router->abort()\n#3 /var/www/html/personal/oop-php/public/index.php(34): Core\\Router->route()\n#4 {main}\n  thrown in /var/www/html/personal/oop-php/views/partials/nav.php on line 35, referer: https://oop.devserver.ro/cart
[Tue Dec 19 18:01:18.460602 2023] [php:error] [pid 67740] [client 192.168.1.1:54825] PHP Fatal error:  Uncaught TypeError: Unsupported operand types: int + string in /var/www/html/personal/oop-php/views/partials/nav.php:35\nStack trace:\n#0 /var/www/html/personal/oop-php/views/404.php(2): require()\n#1 /var/www/html/personal/oop-php/Core/Router.php(79): require('...')\n#2 /var/www/html/personal/oop-php/Core/Router.php(74): Core\\Router->abort()\n#3 /var/www/html/personal/oop-php/public/index.php(34): Core\\Router->route()\n#4 {main}\n  thrown in /var/www/html/personal/oop-php/views/partials/nav.php on line 35, referer: https://oop.devserver.ro/cart
[Tue Dec 19 18:06:15.712067 2023] [php:error] [pid 68779] [client 192.168.1.1:55056] PHP Fatal error:  Uncaught TypeError: Unsupported operand types: int + string in /var/www/html/personal/oop-php/views/partials/nav.php:35\nStack trace:\n#0 /var/www/html/personal/oop-php/views/cart/index.view.php(2): require()\n#1 /var/www/html/personal/oop-php/Core/functions.php(41): require('...')\n#2 /var/www/html/personal/oop-php/Http/controllers/cart/index.php(4): view()\n#3 /var/www/html/personal/oop-php/Core/Router.php(70): require('...')\n#4 /var/www/html/personal/oop-php/public/index.php(34): Core\\Router->route()\n#5 {main}\n  thrown in /var/www/html/personal/oop-php/views/partials/nav.php on line 35, referer: https://oop.devserver.ro/cart
[Tue Dec 19 18:06:15.899621 2023] [php:error] [pid 68779] [client 192.168.1.1:55056] PHP Fatal error:  Uncaught TypeError: Unsupported operand types: int + string in /var/www/html/personal/oop-php/views/partials/nav.php:35\nStack trace:\n#0 /var/www/html/personal/oop-php/views/404.php(2): require()\n#1 /var/www/html/personal/oop-php/Core/Router.php(79): require('...')\n#2 /var/www/html/personal/oop-php/Core/Router.php(74): Core\\Router->abort()\n#3 /var/www/html/personal/oop-php/public/index.php(34): Core\\Router->route()\n#4 {main}\n  thrown in /var/www/html/personal/oop-php/views/partials/nav.php on line 35, referer: https://oop.devserver.ro/cart
[Tue Dec 19 18:06:34.204617 2023] [php:error] [pid 62801] [client 192.168.1.1:55062] PHP Fatal error:  Uncaught TypeError: Unsupported operand types: int + string in /var/www/html/personal/oop-php/views/partials/nav.php:35\nStack trace:\n#0 /var/www/html/personal/oop-php/views/cart/index.view.php(2): require()\n#1 /var/www/html/personal/oop-php/Core/functions.php(41): require('...')\n#2 /var/www/html/personal/oop-php/Http/controllers/cart/index.php(4): view()\n#3 /var/www/html/personal/oop-php/Core/Router.php(70): require('...')\n#4 /var/www/html/personal/oop-php/public/index.php(34): Core\\Router->route()\n#5 {main}\n  thrown in /var/www/html/personal/oop-php/views/partials/nav.php on line 35, referer: https://oop.devserver.ro/cart
[Tue Dec 19 18:06:34.358710 2023] [php:error] [pid 62801] [client 192.168.1.1:55062] PHP Fatal error:  Uncaught TypeError: Unsupported operand types: int + string in /var/www/html/personal/oop-php/views/partials/nav.php:35\nStack trace:\n#0 /var/www/html/personal/oop-php/views/404.php(2): require()\n#1 /var/www/html/personal/oop-php/Core/Router.php(79): require('...')\n#2 /var/www/html/personal/oop-php/Core/Router.php(74): Core\\Router->abort()\n#3 /var/www/html/personal/oop-php/public/index.php(34): Core\\Router->route()\n#4 {main}\n  thrown in /var/www/html/personal/oop-php/views/partials/nav.php on line 35, referer: https://oop.devserver.ro/cart
[Tue Dec 19 18:06:42.967875 2023] [php:error] [pid 62804] [client 192.168.1.1:55067] PHP Fatal error:  Uncaught TypeError: Unsupported operand types: int + string in /var/www/html/personal/oop-php/views/partials/nav.php:35\nStack trace:\n#0 /var/www/html/personal/oop-php/views/404.php(2): require()\n#1 /var/www/html/personal/oop-php/Core/Router.php(79): require('...')\n#2 /var/www/html/personal/oop-php/Core/Router.php(74): Core\\Router->abort()\n#3 /var/www/html/personal/oop-php/public/index.php(34): Core\\Router->route()\n#4 {main}\n  thrown in /var/www/html/personal/oop-php/views/partials/nav.php on line 35, referer: https://oop.devserver.ro/cart
[Tue Dec 19 18:07:23.873062 2023] [php:error] [pid 66931] [client 192.168.1.1:55070] PHP Fatal error:  Uncaught TypeError: Unsupported operand types: int + string in /var/www/html/personal/oop-php/views/partials/nav.php:35\nStack trace:\n#0 /var/www/html/personal/oop-php/views/cart/index.view.php(2): require()\n#1 /var/www/html/personal/oop-php/Core/functions.php(41): require('...')\n#2 /var/www/html/personal/oop-php/Http/controllers/cart/index.php(4): view()\n#3 /var/www/html/personal/oop-php/Core/Router.php(70): require('...')\n#4 /var/www/html/personal/oop-php/public/index.php(34): Core\\Router->route()\n#5 {main}\n  thrown in /var/www/html/personal/oop-php/views/partials/nav.php on line 35, referer: https://oop.devserver.ro/cart
[Tue Dec 19 18:07:24.024436 2023] [php:error] [pid 66931] [client 192.168.1.1:55070] PHP Fatal error:  Uncaught TypeError: Unsupported operand types: int + string in /var/www/html/personal/oop-php/views/partials/nav.php:35\nStack trace:\n#0 /var/www/html/personal/oop-php/views/404.php(2): require()\n#1 /var/www/html/personal/oop-php/Core/Router.php(79): require('...')\n#2 /var/www/html/personal/oop-php/Core/Router.php(74): Core\\Router->abort()\n#3 /var/www/html/personal/oop-php/public/index.php(34): Core\\Router->route()\n#4 {main}\n  thrown in /var/www/html/personal/oop-php/views/partials/nav.php on line 35, referer: https://oop.devserver.ro/cart
[Tue Dec 19 18:07:55.610309 2023] [php:error] [pid 67740] [client 192.168.1.1:55097] PHP Fatal error:  Uncaught TypeError: Unsupported operand types: string * float in /var/www/html/personal/oop-php/views/cart/index.view.php:38\nStack trace:\n#0 /var/www/html/personal/oop-php/Core/functions.php(41): require()\n#1 /var/www/html/personal/oop-php/Http/controllers/cart/index.php(4): view()\n#2 /var/www/html/personal/oop-php/Core/Router.php(70): require('...')\n#3 /var/www/html/personal/oop-php/public/index.php(34): Core\\Router->route()\n#4 {main}\n  thrown in /var/www/html/personal/oop-php/views/cart/index.view.php on line 38, referer: https://oop.devserver.ro/cart
[Tue Dec 19 18:24:32.302332 2023] [php:warn] [pid 66934] [client 192.168.1.1:55692] PHP Warning:  Undefined array key "_flashed" in /var/www/html/personal/oop-php/views/cart/index.view.php on line 7, referer: https://oop.devserver.ro/cart
[Tue Dec 19 18:24:32.302369 2023] [php:warn] [pid 66934] [client 192.168.1.1:55692] PHP Warning:  Trying to access array offset on value of type null in /var/www/html/personal/oop-php/views/cart/index.view.php on line 7, referer: https://oop.devserver.ro/cart
[Tue Dec 19 18:24:32.302380 2023] [php:warn] [pid 66934] [client 192.168.1.1:55692] PHP Warning:  Trying to access array offset on value of type null in /var/www/html/personal/oop-php/views/cart/index.view.php on line 7, referer: https://oop.devserver.ro/cart
[Tue Dec 19 18:24:57.821324 2023] [php:warn] [pid 66933] [client 192.168.1.1:55694] PHP Warning:  Undefined array key "_flashed" in /var/www/html/personal/oop-php/views/cart/index.view.php on line 7, referer: https://oop.devserver.ro/cart
[Tue Dec 19 18:24:57.821399 2023] [php:warn] [pid 66933] [client 192.168.1.1:55694] PHP Warning:  Trying to access array offset on value of type null in /var/www/html/personal/oop-php/views/cart/index.view.php on line 7, referer: https://oop.devserver.ro/cart
[Tue Dec 19 18:24:57.821423 2023] [php:warn] [pid 66933] [client 192.168.1.1:55694] PHP Warning:  Trying to access array offset on value of type null in /var/www/html/personal/oop-php/views/cart/index.view.php on line 7, referer: https://oop.devserver.ro/cart
[Tue Dec 19 18:40:48.648727 2023] [php:warn] [pid 68807] [client 192.168.1.1:57542] PHP Warning:  Undefined array key "id" in /var/www/html/personal/oop-php/Http/controllers/cart/store-cart.php on line 10, referer: https://oop.devserver.ro/product/iphone-15-pro-max/1
[Tue Dec 19 18:40:48.649935 2023] [php:error] [pid 68807] [client 192.168.1.1:57542] PHP Fatal error:  Uncaught PDOException: SQLSTATE[42S02]: Base table or view not found: 1146 Table 'oopphp.product' doesn't exist in /var/www/html/personal/oop-php/Core/Database.php:25\nStack trace:\n#0 /var/www/html/personal/oop-php/Core/Database.php(25): PDOStatement->execute()\n#1 /var/www/html/personal/oop-php/Http/controllers/cart/store-cart.php(10): Core\\Database->query()\n#2 /var/www/html/personal/oop-php/Core/Router.php(70): require('...')\n#3 /var/www/html/personal/oop-php/public/index.php(34): Core\\Router->route()\n#4 {main}\n  thrown in /var/www/html/personal/oop-php/Core/Database.php on line 25, referer: https://oop.devserver.ro/product/iphone-15-pro-max/1
[Tue Dec 19 18:41:00.219583 2023] [php:error] [pid 68996] [client 192.168.1.1:57559] PHP Fatal error:  Uncaught PDOException: SQLSTATE[42S02]: Base table or view not found: 1146 Table 'oopphp.product' doesn't exist in /var/www/html/personal/oop-php/Core/Database.php:25\nStack trace:\n#0 /var/www/html/personal/oop-php/Core/Database.php(25): PDOStatement->execute()\n#1 /var/www/html/personal/oop-php/Http/controllers/cart/store-cart.php(10): Core\\Database->query()\n#2 /var/www/html/personal/oop-php/Core/Router.php(70): require('...')\n#3 /var/www/html/personal/oop-php/public/index.php(34): Core\\Router->route()\n#4 {main}\n  thrown in /var/www/html/personal/oop-php/Core/Database.php on line 25, referer: https://oop.devserver.ro/product/iphone-15-pro-max/1
[Tue Dec 19 18:41:09.190796 2023] [php:error] [pid 66931] [client 192.168.1.1:57578] PHP Fatal error:  Uncaught Error: Call to a member function rowCount() on array in /var/www/html/personal/oop-php/Http/controllers/cart/store-cart.php:11\nStack trace:\n#0 /var/www/html/personal/oop-php/Core/Router.php(70): require()\n#1 /var/www/html/personal/oop-php/public/index.php(34): Core\\Router->route()\n#2 {main}\n  thrown in /var/www/html/personal/oop-php/Http/controllers/cart/store-cart.php on line 11, referer: https://oop.devserver.ro/product/iphone-15-pro-max/1
[Tue Dec 19 18:41:30.254092 2023] [php:error] [pid 68978] [client 192.168.1.1:57584] PHP Fatal error:  Uncaught Error: Call to a member function totlaRows() on array in /var/www/html/personal/oop-php/Http/controllers/cart/store-cart.php:11\nStack trace:\n#0 /var/www/html/personal/oop-php/Core/Router.php(70): require()\n#1 /var/www/html/personal/oop-php/public/index.php(34): Core\\Router->route()\n#2 {main}\n  thrown in /var/www/html/personal/oop-php/Http/controllers/cart/store-cart.php on line 11, referer: https://oop.devserver.ro/product/iphone-15-pro-max/1
[Tue Dec 19 20:09:35.207235 2023] [php:error] [pid 66931] [client 192.168.1.1:60703] PHP Fatal error:  Uncaught TypeError: Illegal offset type in /var/www/html/personal/oop-php/Core/ShoppingCart.php:41\nStack trace:\n#0 /var/www/html/personal/oop-php/Core/ShoppingCart.php(20): Core\\ShoppingCart->isProductInCart()\n#1 /var/www/html/personal/oop-php/Http/controllers/cart/store-cart.php(19): Core\\ShoppingCart->addProduct()\n#2 /var/www/html/personal/oop-php/Core/Router.php(70): require('...')\n#3 /var/www/html/personal/oop-php/public/index.php(34): Core\\Router->route()\n#4 {main}\n  thrown in /var/www/html/personal/oop-php/Core/ShoppingCart.php on line 41, referer: https://oop.devserver.ro/product/apple-tv-4k/2
[Tue Dec 19 20:09:45.139499 2023] [php:error] [pid 68807] [client 192.168.1.1:60710] PHP Fatal error:  Uncaught TypeError: Illegal offset type in /var/www/html/personal/oop-php/Core/ShoppingCart.php:41\nStack trace:\n#0 /var/www/html/personal/oop-php/Core/ShoppingCart.php(20): Core\\ShoppingCart->isProductInCart()\n#1 /var/www/html/personal/oop-php/Http/controllers/cart/store-cart.php(19): Core\\ShoppingCart->addProduct()\n#2 /var/www/html/personal/oop-php/Core/Router.php(70): require('...')\n#3 /var/www/html/personal/oop-php/public/index.php(34): Core\\Router->route()\n#4 {main}\n  thrown in /var/www/html/personal/oop-php/Core/ShoppingCart.php on line 41, referer: https://oop.devserver.ro/product/apple-tv-4k/2
[Tue Dec 19 20:10:24.056478 2023] [php:error] [pid 62804] [client 192.168.1.1:60716] PHP Fatal error:  Uncaught TypeError: Illegal offset type in /var/www/html/personal/oop-php/Core/ShoppingCart.php:41\nStack trace:\n#0 /var/www/html/personal/oop-php/Core/ShoppingCart.php(20): Core\\ShoppingCart->isProductInCart()\n#1 /var/www/html/personal/oop-php/Http/controllers/cart/store-cart.php(19): Core\\ShoppingCart->addProduct()\n#2 /var/www/html/personal/oop-php/Core/Router.php(70): require('...')\n#3 /var/www/html/personal/oop-php/public/index.php(34): Core\\Router->route()\n#4 {main}\n  thrown in /var/www/html/personal/oop-php/Core/ShoppingCart.php on line 41, referer: https://oop.devserver.ro/product/apple-tv-4k/2
[Tue Dec 19 20:11:00.140700 2023] [php:error] [pid 69090] [client 192.168.1.1:60739] PHP Fatal error:  Uncaught TypeError: Illegal offset type in /var/www/html/personal/oop-php/Core/ShoppingCart.php:41\nStack trace:\n#0 /var/www/html/personal/oop-php/Core/ShoppingCart.php(20): Core\\ShoppingCart->isProductInCart()\n#1 /var/www/html/personal/oop-php/Http/controllers/cart/store-cart.php(19): Core\\ShoppingCart->addProduct()\n#2 /var/www/html/personal/oop-php/Core/Router.php(70): require('...')\n#3 /var/www/html/personal/oop-php/public/index.php(34): Core\\Router->route()\n#4 {main}\n  thrown in /var/www/html/personal/oop-php/Core/ShoppingCart.php on line 41, referer: https://oop.devserver.ro/product/apple-tv-4k/2
[Tue Dec 19 21:40:01.126615 2023] [php:warn] [pid 69826] [client 192.168.1.1:64119] PHP Warning:  Undefined variable $time in /var/www/html/personal/oop-php/public/index.php on line 38, referer: https://oop.devserver.ro/cart
[Tue Dec 19 22:39:47.589242 2023] [php:warn] [pid 68996] [client 192.168.1.1:49682] PHP Warning:  Undefined array key "category" in /var/www/html/personal/oop-php/Http/controllers/products/products.php on line 48, referer: https://oop.devserver.ro/products
[Tue Dec 19 23:17:36.132082 2023] [php:warn] [pid 68996] [client 192.168.1.1:50415] PHP Warning:  Undefined array key "category_name" in /var/www/html/personal/oop-php/Http/controllers/products/products.php on line 48, referer: https://oop.devserver.ro/products
[Tue Dec 19 23:18:25.937726 2023] [php:warn] [pid 68978] [client 192.168.1.1:50472] PHP Warning:  Undefined array key "name" in /var/www/html/personal/oop-php/Http/controllers/products/products.php on line 47, referer: https://oop.devserver.ro/products
[Tue Dec 19 23:30:12.118632 2023] [php:warn] [pid 68779] [client 192.168.1.1:50901] PHP Warning:  require(/var/www/html/personal/oop-php/public/../ShoppingCart.php): Failed to open stream: No such file or directory in /var/www/html/personal/oop-php/public/index.php on line 17, referer: https://oop.devserver.ro/cart
[Tue Dec 19 23:30:12.118696 2023] [php:error] [pid 68779] [client 192.168.1.1:50901] PHP Fatal error:  Uncaught Error: Failed opening required '/var/www/html/personal/oop-php/public/../ShoppingCart.php' (include_path='.:/usr/share/php') in /var/www/html/personal/oop-php/public/index.php:17\nStack trace:\n#0 /var/www/html/personal/oop-php/views/partials/nav.php(31): {closure}()\n#1 /var/www/html/personal/oop-php/views/cart/index.view.php(2): require('...')\n#2 /var/www/html/personal/oop-php/Core/functions.php(41): require('...')\n#3 /var/www/html/personal/oop-php/Http/controllers/cart/index.php(4): view()\n#4 /var/www/html/personal/oop-php/Core/Router.php(70): require('...')\n#5 /var/www/html/personal/oop-php/public/index.php(33): Core\\Router->route()\n#6 {main}\n  thrown in /var/www/html/personal/oop-php/public/index.php on line 17, referer: https://oop.devserver.ro/cart
