[Sun Nov 26 22:11:03.557159 2023] [php:warn] [pid 46713] [client 192.168.1.1:58893] PHP Warning:  Undefined variable $heading in /var/www/html/personal/oop-php/views/partials/banner.php on line 3
[Sun Nov 26 22:11:03.884498 2023] [php:warn] [pid 46713] [client 192.168.1.1:58893] PHP Warning:  Undefined variable $heading in /var/www/html/personal/oop-php/views/partials/banner.php on line 3, referer: https://oop.devserver.ro/lol
[Sun Nov 26 22:52:13.850907 2023] [php:error] [pid 47159] [client 192.168.1.1:60021] PHP Fatal error:  Uncaught PDOException: SQLSTATE[HY000] [1045] Access denied for user ''@'localhost' (using password: YES) in /var/www/html/personal/oop-php/public/index.php:8\nStack trace:\n#0 /var/www/html/personal/oop-php/public/index.php(8): PDO->__construct()\n#1 {main}\n  thrown in /var/www/html/personal/oop-php/public/index.php on line 8, referer: https://oop.devserver.ro/contact
[Sun Nov 26 22:52:38.730539 2023] [php:error] [pid 47159] [client 192.168.1.1:60048] PHP Fatal error:  Uncaught PDOException: SQLSTATE[HY000] [1045] Access denied for user ''@'localhost' (using password: YES) in /var/www/html/personal/oop-php/public/index.php:8\nStack trace:\n#0 /var/www/html/personal/oop-php/public/index.php(8): PDO->__construct()\n#1 {main}\n  thrown in /var/www/html/personal/oop-php/public/index.php on line 8, referer: https://oop.devserver.ro/contact
[Sun Nov 26 22:53:35.563582 2023] [php:error] [pid 47152] [client 192.168.1.1:60057] PHP Fatal error:  Uncaught PDOException: SQLSTATE[HY000] [1045] Access denied for user ''@'localhost' (using password: YES) in /var/www/html/personal/oop-php/public/index.php:8\nStack trace:\n#0 /var/www/html/personal/oop-php/public/index.php(8): PDO->__construct()\n#1 {main}\n  thrown in /var/www/html/personal/oop-php/public/index.php on line 8, referer: https://oop.devserver.ro/contact
[Sun Nov 26 22:53:57.611729 2023] [php:error] [pid 46715] [client 192.168.1.1:60071] PHP Fatal error:  Uncaught PDOException: SQLSTATE[HY000] [1045] Access denied for user ''@'localhost' (using password: YES) in /var/www/html/personal/oop-php/public/index.php:8\nStack trace:\n#0 /var/www/html/personal/oop-php/public/index.php(8): PDO->__construct()\n#1 {main}\n  thrown in /var/www/html/personal/oop-php/public/index.php on line 8, referer: https://oop.devserver.ro/contact
[Sun Nov 26 22:54:30.635549 2023] [php:error] [pid 46714] [client 192.168.1.1:60092] PHP Fatal error:  Uncaught PDOException: SQLSTATE[HY000] [1045] Access denied for user ''@'localhost' (using password: YES) in /var/www/html/personal/oop-php/public/index.php:8\nStack trace:\n#0 /var/www/html/personal/oop-php/public/index.php(8): PDO->__construct()\n#1 {main}\n  thrown in /var/www/html/personal/oop-php/public/index.php on line 8, referer: https://oop.devserver.ro/contact
[Sun Nov 26 22:54:38.075098 2023] [php:error] [pid 46852] [client 192.168.1.1:60095] PHP Fatal error:  Uncaught PDOException: SQLSTATE[HY000] [1045] Access denied for user ''@'localhost' (using password: YES) in /var/www/html/personal/oop-php/public/index.php:8\nStack trace:\n#0 /var/www/html/personal/oop-php/public/index.php(8): PDO->__construct()\n#1 {main}\n  thrown in /var/www/html/personal/oop-php/public/index.php on line 8, referer: https://oop.devserver.ro/contact
[Sun Nov 26 22:54:40.181519 2023] [php:error] [pid 46713] [client 192.168.1.1:60113] PHP Fatal error:  Uncaught PDOException: SQLSTATE[HY000] [1045] Access denied for user ''@'localhost' (using password: YES) in /var/www/html/personal/oop-php/public/index.php:8\nStack trace:\n#0 /var/www/html/personal/oop-php/public/index.php(8): PDO->__construct()\n#1 {main}\n  thrown in /var/www/html/personal/oop-php/public/index.php on line 8, referer: https://oop.devserver.ro/
[Sun Nov 26 22:54:54.885518 2023] [php:error] [pid 47159] [client 192.168.1.1:60119] PHP Fatal error:  Uncaught PDOException: SQLSTATE[HY000] [1045] Access denied for user ''@'localhost' (using password: YES) in /var/www/html/personal/oop-php/public/index.php:8\nStack trace:\n#0 /var/www/html/personal/oop-php/public/index.php(8): PDO->__construct()\n#1 {main}\n  thrown in /var/www/html/personal/oop-php/public/index.php on line 8, referer: https://oop.devserver.ro/
[Sun Nov 26 22:55:25.975287 2023] [php:error] [pid 47297] [client 192.168.1.1:60123] PHP Fatal error:  Uncaught PDOException: SQLSTATE[HY000] [1045] Access denied for user ''@'localhost' (using password: YES) in /var/www/html/personal/oop-php/public/index.php:7\nStack trace:\n#0 /var/www/html/personal/oop-php/public/index.php(7): PDO->__construct()\n#1 {main}\n  thrown in /var/www/html/personal/oop-php/public/index.php on line 7, referer: https://oop.devserver.ro/
[Sun Nov 26 22:55:34.148840 2023] [php:error] [pid 47152] [client 192.168.1.1:60142] PHP Fatal error:  Uncaught PDOException: SQLSTATE[HY000] [1045] Access denied for user ''@'localhost' (using password: YES) in /var/www/html/personal/oop-php/public/index.php:7\nStack trace:\n#0 /var/www/html/personal/oop-php/public/index.php(7): PDO->__construct()\n#1 {main}\n  thrown in /var/www/html/personal/oop-php/public/index.php on line 7, referer: https://oop.devserver.ro/
[Sun Nov 26 22:55:37.667559 2023] [php:error] [pid 46853] [client 192.168.1.1:60144] PHP Fatal error:  Uncaught PDOException: SQLSTATE[HY000] [1045] Access denied for user ''@'localhost' (using password: YES) in /var/www/html/personal/oop-php/public/index.php:7\nStack trace:\n#0 /var/www/html/personal/oop-php/public/index.php(7): PDO->__construct()\n#1 {main}\n  thrown in /var/www/html/personal/oop-php/public/index.php on line 7, referer: https://oop.devserver.ro/
[Sun Nov 26 22:55:40.263907 2023] [php:error] [pid 46715] [client 192.168.1.1:60146] PHP Fatal error:  Uncaught PDOException: SQLSTATE[HY000] [1045] Access denied for user ''@'localhost' (using password: YES) in /var/www/html/personal/oop-php/public/index.php:8\nStack trace:\n#0 /var/www/html/personal/oop-php/public/index.php(8): PDO->__construct()\n#1 {main}\n  thrown in /var/www/html/personal/oop-php/public/index.php on line 8, referer: https://oop.devserver.ro/
[Sun Nov 26 22:55:49.754880 2023] [php:error] [pid 46714] [client 192.168.1.1:60150] PHP Fatal error:  Uncaught PDOException: SQLSTATE[HY000] [1045] Access denied for user ''@'localhost' (using password: YES) in /var/www/html/personal/oop-php/public/index.php:8\nStack trace:\n#0 /var/www/html/personal/oop-php/public/index.php(8): PDO->__construct()\n#1 {main}\n  thrown in /var/www/html/personal/oop-php/public/index.php on line 8, referer: https://oop.devserver.ro/
[Sun Nov 26 22:57:05.518701 2023] [php:error] [pid 46852] [client 192.168.1.1:60193] PHP Fatal error:  Uncaught PDOException: SQLSTATE[HY000] [1045] Access denied for user ''@'localhost' (using password: YES) in /var/www/html/personal/oop-php/public/index.php:8\nStack trace:\n#0 /var/www/html/personal/oop-php/public/index.php(8): PDO->__construct()\n#1 {main}\n  thrown in /var/www/html/personal/oop-php/public/index.php on line 8, referer: https://oop.devserver.ro/
[Sun Nov 26 22:57:11.297041 2023] [php:error] [pid 46713] [client 192.168.1.1:60195] PHP Fatal error:  Uncaught PDOException: SQLSTATE[HY000] [1045] Access denied for user ''@'localhost' (using password: YES) in /var/www/html/personal/oop-php/public/index.php:8\nStack trace:\n#0 /var/www/html/personal/oop-php/public/index.php(8): PDO->__construct()\n#1 {main}\n  thrown in /var/www/html/personal/oop-php/public/index.php on line 8, referer: https://oop.devserver.ro/
[Sun Nov 26 22:57:13.586341 2023] [php:error] [pid 47159] [client 192.168.1.1:60197] PHP Fatal error:  Uncaught PDOException: SQLSTATE[HY000] [1045] Access denied for user ''@'localhost' (using password: YES) in /var/www/html/personal/oop-php/public/index.php:8\nStack trace:\n#0 /var/www/html/personal/oop-php/public/index.php(8): PDO->__construct()\n#1 {main}\n  thrown in /var/www/html/personal/oop-php/public/index.php on line 8, referer: https://oop.devserver.ro/
[Sun Nov 26 22:57:15.516334 2023] [php:error] [pid 47297] [client 192.168.1.1:60201] PHP Fatal error:  Uncaught PDOException: SQLSTATE[HY000] [1045] Access denied for user ''@'localhost' (using password: YES) in /var/www/html/personal/oop-php/public/index.php:7\nStack trace:\n#0 /var/www/html/personal/oop-php/public/index.php(7): PDO->__construct()\n#1 {main}\n  thrown in /var/www/html/personal/oop-php/public/index.php on line 7, referer: https://oop.devserver.ro/
[Sun Nov 26 22:58:08.211802 2023] [php:error] [pid 46715] [client 192.168.1.1:60210] PHP Fatal error:  Uncaught PDOException: SQLSTATE[HY000] [1045] Access denied for user ''@'localhost' (using password: YES) in /var/www/html/personal/oop-php/public/index.php:7\nStack trace:\n#0 /var/www/html/personal/oop-php/public/index.php(7): PDO->__construct()\n#1 {main}\n  thrown in /var/www/html/personal/oop-php/public/index.php on line 7, referer: https://oop.devserver.ro/
[Sun Nov 26 22:59:06.867338 2023] [php:warn] [pid 46714] [client 192.168.1.1:60232] PHP Warning:  Array to string conversion in /var/www/html/personal/oop-php/public/index.php on line 16, referer: https://oop.devserver.ro/
[Sun Nov 26 22:59:33.770524 2023] [php:warn] [pid 46852] [client 192.168.1.1:60234] PHP Warning:  Array to string conversion in /var/www/html/personal/oop-php/public/index.php on line 16, referer: https://oop.devserver.ro/
[Sun Nov 26 22:59:37.396113 2023] [php:warn] [pid 46852] [client 192.168.1.1:60234] PHP Warning:  Array to string conversion in /var/www/html/personal/oop-php/public/index.php on line 16, referer: https://oop.devserver.ro/
[Sun Nov 26 22:59:59.700969 2023] [php:warn] [pid 47159] [client 192.168.1.1:60245] PHP Warning:  Array to string conversion in /var/www/html/personal/oop-php/public/index.php on line 16, referer: https://oop.devserver.ro/
[Mon Nov 27 00:41:27.146537 2023] [php:warn] [pid 4562] [client 192.168.1.1:63247] PHP Warning:  Trying to access array offset on value of type int in /var/www/html/personal/oop-php/public/index.php on line 31, referer: https://oop.devserver.ro/contact
[Mon Nov 27 00:41:27.147260 2023] [php:warn] [pid 4562] [client 192.168.1.1:63247] PHP Warning:  Trying to access array offset on value of type int in /var/www/html/personal/oop-php/public/index.php on line 31, referer: https://oop.devserver.ro/contact
[Mon Nov 27 00:41:27.147310 2023] [php:error] [pid 4562] [client 192.168.1.1:63247] PHP Fatal error:  Uncaught TypeError: Cannot access offset of type string on string in /var/www/html/personal/oop-php/public/index.php:31\nStack trace:\n#0 {main}\n  thrown in /var/www/html/personal/oop-php/public/index.php on line 31, referer: https://oop.devserver.ro/contact
[Mon Nov 27 00:52:45.848959 2023] [php:warn] [pid 4560] [client 192.168.1.1:63490] PHP Warning:  Undefined variable $dsn in /var/www/html/personal/oop-php/Database.php on line 19, referer: https://oop.devserver.ro/contact
[Mon Nov 27 00:52:45.849086 2023] [php:error] [pid 4560] [client 192.168.1.1:63490] PHP Fatal error:  Uncaught PDOException: PDO::__construct(): Argument #1 ($dsn) must be a valid data source name in /var/www/html/personal/oop-php/Database.php:20\nStack trace:\n#0 /var/www/html/personal/oop-php/Database.php(20): PDO->__construct()\n#1 /var/www/html/personal/oop-php/public/index.php(9): Database->__construct()\n#2 {main}\n  thrown in /var/www/html/personal/oop-php/Database.php on line 20, referer: https://oop.devserver.ro/contact
[Mon Nov 27 01:01:36.415086 2023] [php:error] [pid 4727] [client 192.168.1.1:63644] PHP Fatal error:  Uncaught ArgumentCountError: Too few arguments to function Database::__construct(), 1 passed in /var/www/html/personal/oop-php/public/index.php on line 10 and exactly 3 expected in /var/www/html/personal/oop-php/Database.php:6\nStack trace:\n#0 /var/www/html/personal/oop-php/public/index.php(10): Database->__construct()\n#1 {main}\n  thrown in /var/www/html/personal/oop-php/Database.php on line 6, referer: https://oop.devserver.ro/contact
[Mon Nov 27 01:15:48.112971 2023] [php:warn] [pid 4573] [client 192.168.1.1:63978] PHP Warning:  Undefined variable $id in /var/www/html/personal/oop-php/public/index.php on line 11
[Mon Nov 27 01:30:38.067586 2023] [php:warn] [pid 4563] [client 192.168.1.1:64277] PHP Warning:  Array to string conversion in /var/www/html/personal/oop-php/public/index.php on line 15
[Mon Nov 27 01:49:50.300660 2023] [php:warn] [pid 4573] [client 192.168.1.1:64628] PHP Warning:  Undefined array key "id" in /var/www/html/personal/oop-php/public/index.php on line 10, referer: https://oop.devserver.ro/contact
[Mon Nov 27 01:49:50.303114 2023] [php:warn] [pid 4573] [client 192.168.1.1:64628] PHP Warning:  Trying to access array offset on value of type bool in /var/www/html/personal/oop-php/public/index.php on line 17, referer: https://oop.devserver.ro/contact
[Mon Nov 27 01:49:52.425319 2023] [php:warn] [pid 4573] [client 192.168.1.1:64628] PHP Warning:  Undefined array key "id" in /var/www/html/personal/oop-php/public/index.php on line 10, referer: https://oop.devserver.ro/
[Mon Nov 27 01:49:52.427384 2023] [php:warn] [pid 4573] [client 192.168.1.1:64628] PHP Warning:  Trying to access array offset on value of type bool in /var/www/html/personal/oop-php/public/index.php on line 17, referer: https://oop.devserver.ro/
[Mon Nov 27 01:49:53.118850 2023] [php:warn] [pid 4573] [client 192.168.1.1:64628] PHP Warning:  Undefined array key "id" in /var/www/html/personal/oop-php/public/index.php on line 10, referer: https://oop.devserver.ro/about
[Mon Nov 27 01:49:53.120807 2023] [php:warn] [pid 4573] [client 192.168.1.1:64628] PHP Warning:  Trying to access array offset on value of type bool in /var/www/html/personal/oop-php/public/index.php on line 17, referer: https://oop.devserver.ro/about
[Mon Nov 27 01:49:53.656515 2023] [php:warn] [pid 4573] [client 192.168.1.1:64628] PHP Warning:  Undefined array key "id" in /var/www/html/personal/oop-php/public/index.php on line 10, referer: https://oop.devserver.ro/
[Mon Nov 27 01:49:53.658471 2023] [php:warn] [pid 4573] [client 192.168.1.1:64628] PHP Warning:  Trying to access array offset on value of type bool in /var/www/html/personal/oop-php/public/index.php on line 17, referer: https://oop.devserver.ro/
[Mon Nov 27 01:49:54.057931 2023] [php:warn] [pid 4573] [client 192.168.1.1:64628] PHP Warning:  Undefined array key "id" in /var/www/html/personal/oop-php/public/index.php on line 10, referer: https://oop.devserver.ro/about
[Mon Nov 27 01:49:54.059869 2023] [php:warn] [pid 4573] [client 192.168.1.1:64628] PHP Warning:  Trying to access array offset on value of type bool in /var/www/html/personal/oop-php/public/index.php on line 17, referer: https://oop.devserver.ro/about
[Mon Nov 27 01:49:54.563755 2023] [php:warn] [pid 4573] [client 192.168.1.1:64628] PHP Warning:  Undefined array key "id" in /var/www/html/personal/oop-php/public/index.php on line 10, referer: https://oop.devserver.ro/notes
[Mon Nov 27 01:49:54.565528 2023] [php:warn] [pid 4573] [client 192.168.1.1:64628] PHP Warning:  Trying to access array offset on value of type bool in /var/www/html/personal/oop-php/public/index.php on line 17, referer: https://oop.devserver.ro/notes
[Mon Nov 27 01:49:55.124807 2023] [php:warn] [pid 4573] [client 192.168.1.1:64628] PHP Warning:  Undefined array key "id" in /var/www/html/personal/oop-php/public/index.php on line 10, referer: https://oop.devserver.ro/contact
[Mon Nov 27 01:49:55.126643 2023] [php:warn] [pid 4573] [client 192.168.1.1:64628] PHP Warning:  Trying to access array offset on value of type bool in /var/www/html/personal/oop-php/public/index.php on line 17, referer: https://oop.devserver.ro/contact
[Mon Nov 27 01:49:58.181734 2023] [php:warn] [pid 4573] [client 192.168.1.1:64628] PHP Warning:  Undefined array key "id" in /var/www/html/personal/oop-php/public/index.php on line 10, referer: https://oop.devserver.ro/
[Mon Nov 27 01:49:58.183735 2023] [php:warn] [pid 4573] [client 192.168.1.1:64628] PHP Warning:  Trying to access array offset on value of type bool in /var/www/html/personal/oop-php/public/index.php on line 17, referer: https://oop.devserver.ro/
[Mon Nov 27 01:49:59.125089 2023] [php:warn] [pid 4573] [client 192.168.1.1:64628] PHP Warning:  Undefined array key "id" in /var/www/html/personal/oop-php/public/index.php on line 10, referer: https://oop.devserver.ro/notes
[Mon Nov 27 01:49:59.126966 2023] [php:warn] [pid 4573] [client 192.168.1.1:64628] PHP Warning:  Trying to access array offset on value of type bool in /var/www/html/personal/oop-php/public/index.php on line 17, referer: https://oop.devserver.ro/notes
[Mon Nov 27 01:49:59.551046 2023] [php:warn] [pid 4573] [client 192.168.1.1:64628] PHP Warning:  Undefined array key "id" in /var/www/html/personal/oop-php/public/index.php on line 10, referer: https://oop.devserver.ro/about
[Mon Nov 27 01:49:59.552961 2023] [php:warn] [pid 4573] [client 192.168.1.1:64628] PHP Warning:  Trying to access array offset on value of type bool in /var/www/html/personal/oop-php/public/index.php on line 17, referer: https://oop.devserver.ro/about
[Mon Nov 27 01:50:00.152211 2023] [php:warn] [pid 4573] [client 192.168.1.1:64628] PHP Warning:  Undefined array key "id" in /var/www/html/personal/oop-php/public/index.php on line 10, referer: https://oop.devserver.ro/
[Mon Nov 27 01:50:00.154143 2023] [php:warn] [pid 4573] [client 192.168.1.1:64628] PHP Warning:  Trying to access array offset on value of type bool in /var/www/html/personal/oop-php/public/index.php on line 17, referer: https://oop.devserver.ro/
[Mon Nov 27 02:05:49.151940 2023] [php:warn] [pid 4562] [client 192.168.1.1:64929] PHP Warning:  Array to string conversion in /var/www/html/personal/oop-php/views/notes.view.php on line 9, referer: https://oop.devserver.ro/notes
[Mon Nov 27 02:05:49.152014 2023] [php:warn] [pid 4562] [client 192.168.1.1:64929] PHP Warning:  Array to string conversion in /var/www/html/personal/oop-php/views/notes.view.php on line 9, referer: https://oop.devserver.ro/notes
[Mon Nov 27 02:15:58.762918 2023] [php:error] [pid 5067] [client 192.168.1.1:65174] PHP Fatal error:  Uncaught PDOException: SQLSTATE[HY093]: Invalid parameter number: parameter was not defined in /var/www/html/personal/oop-php/Database.php:18\nStack trace:\n#0 /var/www/html/personal/oop-php/Database.php(18): PDOStatement->execute()\n#1 /var/www/html/personal/oop-php/controllers/note.php(9): Database->query()\n#2 /var/www/html/personal/oop-php/functions.php(24): require('...')\n#3 /var/www/html/personal/oop-php/router.php(12): routeToController()\n#4 /var/www/html/personal/oop-php/public/index.php(6): require('...')\n#5 {main}\n  thrown in /var/www/html/personal/oop-php/Database.php on line 18, referer: https://oop.devserver.ro/notes
[Mon Nov 27 02:16:33.075460 2023] [php:error] [pid 4560] [client 192.168.1.1:65203] PHP Fatal error:  Uncaught PDOException: SQLSTATE[HY093]: Invalid parameter number: parameter was not defined in /var/www/html/personal/oop-php/Database.php:18\nStack trace:\n#0 /var/www/html/personal/oop-php/Database.php(18): PDOStatement->execute()\n#1 /var/www/html/personal/oop-php/controllers/note.php(9): Database->query()\n#2 /var/www/html/personal/oop-php/functions.php(24): require('...')\n#3 /var/www/html/personal/oop-php/router.php(12): routeToController()\n#4 /var/www/html/personal/oop-php/public/index.php(6): require('...')\n#5 {main}\n  thrown in /var/www/html/personal/oop-php/Database.php on line 18, referer: https://oop.devserver.ro/notes
[Mon Nov 27 02:16:50.627349 2023] [php:warn] [pid 4562] [client 192.168.1.1:65206] PHP Warning:  Undefined variable $note in /var/www/html/personal/oop-php/views/note.view.php on line 8, referer: https://oop.devserver.ro/notes
[Mon Nov 27 02:16:50.627418 2023] [php:warn] [pid 4562] [client 192.168.1.1:65206] PHP Warning:  Trying to access array offset on value of type null in /var/www/html/personal/oop-php/views/note.view.php on line 8, referer: https://oop.devserver.ro/notes
[Mon Nov 27 02:17:09.797149 2023] [php:warn] [pid 4559] [client 192.168.1.1:65211] PHP Warning:  Undefined array key "Note" in /var/www/html/personal/oop-php/views/note.view.php on line 8, referer: https://oop.devserver.ro/notes
[Mon Nov 27 02:17:17.526252 2023] [php:warn] [pid 4727] [client 192.168.1.1:65215] PHP Warning:  Array to string conversion in /var/www/html/personal/oop-php/views/note.view.php on line 8, referer: https://oop.devserver.ro/notes
[Mon Nov 27 02:19:08.179474 2023] [php:warn] [pid 4560] [client 192.168.1.1:65226] PHP Warning:  Array to string conversion in /var/www/html/personal/oop-php/views/note.view.php on line 9, referer: https://oop.devserver.ro/notes
[Mon Nov 27 02:19:10.494441 2023] [php:warn] [pid 4562] [client 192.168.1.1:65227] PHP Warning:  Array to string conversion in /var/www/html/personal/oop-php/views/note.view.php on line 9, referer: https://oop.devserver.ro/notes
[Mon Nov 27 02:37:32.793492 2023] [php:warn] [pid 4559] [client 192.168.1.1:49223] PHP Warning:  Trying to access array offset on value of type bool in /var/www/html/personal/oop-php/views/note.view.php on line 8
[Mon Nov 27 20:20:26.364874 2023] [php:error] [pid 4573] [client 192.168.1.1:53523] PHP Fatal error:  Uncaught Error: Call to undefined method Database::fetchAll() in /var/www/html/personal/oop-php/controllers/notes.php:9\nStack trace:\n#0 /var/www/html/personal/oop-php/functions.php(24): require()\n#1 /var/www/html/personal/oop-php/router.php(12): routeToController()\n#2 /var/www/html/personal/oop-php/public/index.php(8): require('...')\n#3 {main}\n  thrown in /var/www/html/personal/oop-php/controllers/notes.php on line 9, referer: https://oop.devserver.ro/note?id=1
[Mon Nov 27 20:25:50.546913 2023] [php:error] [pid 4560] [client 192.168.1.1:53691] PHP Fatal error:  Uncaught Error: Call to undefined method Database::fetchAll() in /var/www/html/personal/oop-php/controllers/notes.php:9\nStack trace:\n#0 /var/www/html/personal/oop-php/functions.php(24): require()\n#1 /var/www/html/personal/oop-php/router.php(12): routeToController()\n#2 /var/www/html/personal/oop-php/public/index.php(8): require('...')\n#3 {main}\n  thrown in /var/www/html/personal/oop-php/controllers/notes.php on line 9, referer: https://oop.devserver.ro/note?id=1
[Mon Nov 27 20:25:54.775563 2023] [php:error] [pid 5067] [client 192.168.1.1:53692] PHP Fatal error:  Uncaught Error: Call to undefined method Database::fetchAll() in /var/www/html/personal/oop-php/controllers/notes.php:9\nStack trace:\n#0 /var/www/html/personal/oop-php/functions.php(24): require()\n#1 /var/www/html/personal/oop-php/router.php(12): routeToController()\n#2 /var/www/html/personal/oop-php/public/index.php(8): require('...')\n#3 {main}\n  thrown in /var/www/html/personal/oop-php/controllers/notes.php on line 9, referer: https://oop.devserver.ro/note?id=1
[Mon Nov 27 20:27:42.892198 2023] [php:error] [pid 4559] [client 192.168.1.1:53750] PHP Fatal error:  Uncaught Error: Call to undefined method Database::fetchAll() in /var/www/html/personal/oop-php/controllers/notes.php:9\nStack trace:\n#0 /var/www/html/personal/oop-php/functions.php(24): require()\n#1 /var/www/html/personal/oop-php/router.php(12): routeToController()\n#2 /var/www/html/personal/oop-php/public/index.php(8): require('...')\n#3 {main}\n  thrown in /var/www/html/personal/oop-php/controllers/notes.php on line 9, referer: https://oop.devserver.ro/note?id=1
[Mon Nov 27 20:28:03.843417 2023] [php:error] [pid 4563] [client 192.168.1.1:53812] PHP Fatal error:  Uncaught Error: Call to undefined method Database::fetchAll() in /var/www/html/personal/oop-php/controllers/notes.php:9\nStack trace:\n#0 /var/www/html/personal/oop-php/functions.php(24): require()\n#1 /var/www/html/personal/oop-php/router.php(12): routeToController()\n#2 /var/www/html/personal/oop-php/public/index.php(12): require('...')\n#3 {main}\n  thrown in /var/www/html/personal/oop-php/controllers/notes.php on line 9, referer: https://oop.devserver.ro/note?id=1
[Mon Nov 27 20:34:37.244088 2023] [php:error] [pid 5067] [client 192.168.1.1:54049] PHP Fatal error:  Uncaught Error: Call to undefined method Database::fetchAll() in /var/www/html/personal/oop-php/controllers/notes.php:9\nStack trace:\n#0 /var/www/html/personal/oop-php/functions.php(24): require()\n#1 /var/www/html/personal/oop-php/router.php(12): routeToController()\n#2 /var/www/html/personal/oop-php/public/index.php(12): require('...')\n#3 {main}\n  thrown in /var/www/html/personal/oop-php/controllers/notes.php on line 9, referer: https://oop.devserver.ro/note?id=1
[Mon Nov 27 20:35:40.489659 2023] [php:error] [pid 5066] [client 192.168.1.1:54088] PHP Fatal error:  Uncaught Error: Call to undefined method Database::fetchAll() in /var/www/html/personal/oop-php/controllers/notes.php:9\nStack trace:\n#0 /var/www/html/personal/oop-php/functions.php(24): require()\n#1 /var/www/html/personal/oop-php/router.php(12): routeToController()\n#2 /var/www/html/personal/oop-php/public/index.php(12): require('...')\n#3 {main}\n  thrown in /var/www/html/personal/oop-php/controllers/notes.php on line 9, referer: https://oop.devserver.ro/note?id=1
[Wed Nov 29 14:58:15.048589 2023] [php:error] [pid 19300] [client 192.168.1.1:62937] PHP Parse error:  syntax error, unexpected token "<", expecting end of file in /var/www/html/personal/oop-php/Database.php on line 72, referer: https://oop.devserver.ro/contact
[Wed Nov 29 14:58:15.179024 2023] [php:error] [pid 19300] [client 192.168.1.1:62937] PHP Parse error:  syntax error, unexpected token "<", expecting end of file in /var/www/html/personal/oop-php/Database.php on line 72, referer: https://oop.devserver.ro/
[Wed Nov 29 14:58:22.261461 2023] [php:warn] [pid 19299] [client 192.168.1.1:62943] PHP Warning:  Attempt to read property "data" on array in /var/www/html/personal/oop-php/Database.php on line 82, referer: https://oop.devserver.ro/contact
[Wed Nov 29 14:58:22.836061 2023] [php:warn] [pid 19299] [client 192.168.1.1:62943] PHP Warning:  Attempt to read property "data" on array in /var/www/html/personal/oop-php/Database.php on line 82, referer: https://oop.devserver.ro/
[Wed Nov 29 15:00:46.931665 2023] [php:error] [pid 19394] [client 192.168.1.1:62980] PHP Fatal error:  Uncaught Error: Cannot use object of type stdClass as array in /var/www/html/personal/oop-php/Database.php:79\nStack trace:\n#0 /var/www/html/personal/oop-php/public/index.php(8): require()\n#1 {main}\n  thrown in /var/www/html/personal/oop-php/Database.php on line 79, referer: https://oop.devserver.ro/contact
[Wed Nov 29 15:00:47.484297 2023] [php:error] [pid 19394] [client 192.168.1.1:62980] PHP Fatal error:  Uncaught Error: Cannot use object of type stdClass as array in /var/www/html/personal/oop-php/Database.php:79\nStack trace:\n#0 /var/www/html/personal/oop-php/public/index.php(8): require()\n#1 {main}\n  thrown in /var/www/html/personal/oop-php/Database.php on line 79, referer: https://oop.devserver.ro/
[Wed Nov 29 15:01:01.946000 2023] [php:error] [pid 19397] [client 192.168.1.1:62986] PHP Fatal error:  Uncaught Error: Cannot use object of type stdClass as array in /var/www/html/personal/oop-php/Database.php:79\nStack trace:\n#0 /var/www/html/personal/oop-php/public/index.php(8): require()\n#1 {main}\n  thrown in /var/www/html/personal/oop-php/Database.php on line 79, referer: https://oop.devserver.ro/contact
[Wed Nov 29 15:01:02.606323 2023] [php:error] [pid 19397] [client 192.168.1.1:62986] PHP Fatal error:  Uncaught Error: Cannot use object of type stdClass as array in /var/www/html/personal/oop-php/Database.php:79\nStack trace:\n#0 /var/www/html/personal/oop-php/public/index.php(8): require()\n#1 {main}\n  thrown in /var/www/html/personal/oop-php/Database.php on line 79, referer: https://oop.devserver.ro/
[Wed Nov 29 15:02:01.374951 2023] [php:error] [pid 19395] [client 192.168.1.1:63048] PHP Parse error:  syntax error, unexpected variable "$data" in /var/www/html/personal/oop-php/Database.php on line 79, referer: https://oop.devserver.ro/contact
[Wed Nov 29 15:02:01.515424 2023] [php:error] [pid 19395] [client 192.168.1.1:63048] PHP Parse error:  syntax error, unexpected variable "$data" in /var/www/html/personal/oop-php/Database.php on line 79, referer: https://oop.devserver.ro/
[Wed Nov 29 15:14:45.101024 2023] [php:warn] [pid 19298] [client 192.168.1.1:63309] PHP Warning:  Undefined property: stdClass::$movie in /var/www/html/personal/oop-php/Database.php on line 79, referer: https://oop.devserver.ro/contact
[Wed Nov 29 15:14:45.101092 2023] [php:warn] [pid 19298] [client 192.168.1.1:63309] PHP Warning:  Undefined property: stdClass::$movie in /var/www/html/personal/oop-php/Database.php on line 79, referer: https://oop.devserver.ro/contact
[Wed Nov 29 15:14:45.101111 2023] [php:warn] [pid 19298] [client 192.168.1.1:63309] PHP Warning:  Undefined property: stdClass::$movie in /var/www/html/personal/oop-php/Database.php on line 79, referer: https://oop.devserver.ro/contact
[Wed Nov 29 15:14:45.101127 2023] [php:warn] [pid 19298] [client 192.168.1.1:63309] PHP Warning:  Undefined property: stdClass::$movie in /var/www/html/personal/oop-php/Database.php on line 79, referer: https://oop.devserver.ro/contact
[Wed Nov 29 15:14:45.101141 2023] [php:warn] [pid 19298] [client 192.168.1.1:63309] PHP Warning:  Undefined property: stdClass::$movie in /var/www/html/personal/oop-php/Database.php on line 79, referer: https://oop.devserver.ro/contact
[Wed Nov 29 15:14:45.101156 2023] [php:warn] [pid 19298] [client 192.168.1.1:63309] PHP Warning:  Undefined property: stdClass::$movie in /var/www/html/personal/oop-php/Database.php on line 79, referer: https://oop.devserver.ro/contact
[Wed Nov 29 15:14:45.101170 2023] [php:warn] [pid 19298] [client 192.168.1.1:63309] PHP Warning:  Undefined property: stdClass::$movie in /var/www/html/personal/oop-php/Database.php on line 79, referer: https://oop.devserver.ro/contact
[Wed Nov 29 15:14:45.101185 2023] [php:warn] [pid 19298] [client 192.168.1.1:63309] PHP Warning:  Undefined property: stdClass::$movie in /var/www/html/personal/oop-php/Database.php on line 79, referer: https://oop.devserver.ro/contact
[Wed Nov 29 15:14:45.101199 2023] [php:warn] [pid 19298] [client 192.168.1.1:63309] PHP Warning:  Undefined property: stdClass::$movie in /var/www/html/personal/oop-php/Database.php on line 79, referer: https://oop.devserver.ro/contact
[Wed Nov 29 15:14:45.101214 2023] [php:warn] [pid 19298] [client 192.168.1.1:63309] PHP Warning:  Undefined property: stdClass::$movie in /var/www/html/personal/oop-php/Database.php on line 79, referer: https://oop.devserver.ro/contact
[Wed Nov 29 15:14:45.911651 2023] [php:warn] [pid 19298] [client 192.168.1.1:63309] PHP Warning:  Undefined property: stdClass::$movie in /var/www/html/personal/oop-php/Database.php on line 79, referer: https://oop.devserver.ro/
[Wed Nov 29 15:14:45.911708 2023] [php:warn] [pid 19298] [client 192.168.1.1:63309] PHP Warning:  Undefined property: stdClass::$movie in /var/www/html/personal/oop-php/Database.php on line 79, referer: https://oop.devserver.ro/
[Wed Nov 29 15:14:45.911726 2023] [php:warn] [pid 19298] [client 192.168.1.1:63309] PHP Warning:  Undefined property: stdClass::$movie in /var/www/html/personal/oop-php/Database.php on line 79, referer: https://oop.devserver.ro/
[Wed Nov 29 15:14:45.911742 2023] [php:warn] [pid 19298] [client 192.168.1.1:63309] PHP Warning:  Undefined property: stdClass::$movie in /var/www/html/personal/oop-php/Database.php on line 79, referer: https://oop.devserver.ro/
[Wed Nov 29 15:14:45.911756 2023] [php:warn] [pid 19298] [client 192.168.1.1:63309] PHP Warning:  Undefined property: stdClass::$movie in /var/www/html/personal/oop-php/Database.php on line 79, referer: https://oop.devserver.ro/
[Wed Nov 29 15:14:45.911771 2023] [php:warn] [pid 19298] [client 192.168.1.1:63309] PHP Warning:  Undefined property: stdClass::$movie in /var/www/html/personal/oop-php/Database.php on line 79, referer: https://oop.devserver.ro/
[Wed Nov 29 15:14:45.911785 2023] [php:warn] [pid 19298] [client 192.168.1.1:63309] PHP Warning:  Undefined property: stdClass::$movie in /var/www/html/personal/oop-php/Database.php on line 79, referer: https://oop.devserver.ro/
[Wed Nov 29 15:14:45.911800 2023] [php:warn] [pid 19298] [client 192.168.1.1:63309] PHP Warning:  Undefined property: stdClass::$movie in /var/www/html/personal/oop-php/Database.php on line 79, referer: https://oop.devserver.ro/
[Wed Nov 29 15:14:45.911814 2023] [php:warn] [pid 19298] [client 192.168.1.1:63309] PHP Warning:  Undefined property: stdClass::$movie in /var/www/html/personal/oop-php/Database.php on line 79, referer: https://oop.devserver.ro/
[Wed Nov 29 15:14:45.911828 2023] [php:warn] [pid 19298] [client 192.168.1.1:63309] PHP Warning:  Undefined property: stdClass::$movie in /var/www/html/personal/oop-php/Database.php on line 79, referer: https://oop.devserver.ro/
[Thu Nov 30 19:20:14.563798 2023] [php:warn] [pid 27520] [client 192.168.1.1:53856] PHP Warning:  require(views/note-create.view.php): Failed to open stream: No such file or directory in /var/www/html/personal/oop-php/controllers/note-create.php on line 4, referer: https://oop.devserver.ro/notes
[Thu Nov 30 19:20:14.563910 2023] [php:error] [pid 27520] [client 192.168.1.1:53856] PHP Fatal error:  Uncaught Error: Failed opening required 'views/note-create.view.php' (include_path='.:/usr/share/php') in /var/www/html/personal/oop-php/controllers/note-create.php:4\nStack trace:\n#0 /var/www/html/personal/oop-php/functions.php(24): require()\n#1 /var/www/html/personal/oop-php/router.php(6): routeToController()\n#2 /var/www/html/personal/oop-php/public/index.php(12): require('...')\n#3 {main}\n  thrown in /var/www/html/personal/oop-php/controllers/note-create.php on line 4, referer: https://oop.devserver.ro/notes
[Thu Nov 30 19:20:37.902586 2023] [php:warn] [pid 30962] [client 192.168.1.1:53865] PHP Warning:  require(views/note-create.view.php): Failed to open stream: No such file or directory in /var/www/html/personal/oop-php/controllers/note-create.php on line 4, referer: https://oop.devserver.ro/notes
[Thu Nov 30 19:20:37.902718 2023] [php:error] [pid 30962] [client 192.168.1.1:53865] PHP Fatal error:  Uncaught Error: Failed opening required 'views/note-create.view.php' (include_path='.:/usr/share/php') in /var/www/html/personal/oop-php/controllers/note-create.php:4\nStack trace:\n#0 /var/www/html/personal/oop-php/functions.php(24): require()\n#1 /var/www/html/personal/oop-php/router.php(6): routeToController()\n#2 /var/www/html/personal/oop-php/public/index.php(12): require('...')\n#3 {main}\n  thrown in /var/www/html/personal/oop-php/controllers/note-create.php on line 4, referer: https://oop.devserver.ro/notes
[Thu Nov 30 19:21:46.559287 2023] [php:warn] [pid 27520] [client 192.168.1.1:53935] PHP Warning:  Undefined variable $note in /var/www/html/personal/oop-php/views/note-create.view.php on line 8, referer: https://oop.devserver.ro/notes
[Thu Nov 30 19:21:46.559366 2023] [php:warn] [pid 27520] [client 192.168.1.1:53935] PHP Warning:  Trying to access array offset on value of type null in /var/www/html/personal/oop-php/views/note-create.view.php on line 8, referer: https://oop.devserver.ro/notes
[Thu Nov 30 19:31:41.201034 2023] [php:error] [pid 27520] [client 192.168.1.1:54264] PHP Parse error:  syntax error, unexpected token ";", expecting ")" in /var/www/html/personal/oop-php/controllers/notes/note-create.php on line 5, referer: https://oop.devserver.ro/notes
[Thu Nov 30 19:31:44.712928 2023] [php:error] [pid 27520] [client 192.168.1.1:54264] PHP Parse error:  syntax error, unexpected token ";", expecting ")" in /var/www/html/personal/oop-php/controllers/notes/note-create.php on line 5, referer: https://oop.devserver.ro/notes
[Thu Nov 30 19:31:50.952672 2023] [php:warn] [pid 30962] [client 192.168.1.1:54267] PHP Warning:  Undefined array key "REQUESTI_URI" in /var/www/html/personal/oop-php/controllers/notes/note-create.php on line 5, referer: https://oop.devserver.ro/notes
[Thu Nov 30 19:31:52.705582 2023] [php:warn] [pid 26540] [client 192.168.1.1:54268] PHP Warning:  Undefined array key "REQUESTI_URI" in /var/www/html/personal/oop-php/controllers/notes/note-create.php on line 5, referer: https://oop.devserver.ro/notes
[Thu Nov 30 19:56:31.962481 2023] [php:warn] [pid 33241] [client 192.168.1.1:55505] PHP Warning:  Undefined variable $db in /var/www/html/personal/oop-php/controllers/notes/note-create.php on line 7, referer: https://oop.devserver.ro/notes/create
[Thu Nov 30 19:56:31.962659 2023] [php:error] [pid 33241] [client 192.168.1.1:55505] PHP Fatal error:  Uncaught Error: Call to a member function query() on null in /var/www/html/personal/oop-php/controllers/notes/note-create.php:7\nStack trace:\n#0 /var/www/html/personal/oop-php/functions.php(24): require()\n#1 /var/www/html/personal/oop-php/router.php(6): routeToController()\n#2 /var/www/html/personal/oop-php/public/index.php(12): require('...')\n#3 {main}\n  thrown in /var/www/html/personal/oop-php/controllers/notes/note-create.php on line 7, referer: https://oop.devserver.ro/notes/create
[Thu Nov 30 20:08:15.878027 2023] [php:warn] [pid 33242] [client 192.168.1.1:56346] PHP Warning:  Undefined array key "note" in /var/www/html/personal/oop-php/views/note-create.view.php on line 15, referer: https://oop.devserver.ro/notes/create
[Thu Nov 30 20:13:26.914338 2023] [php:warn] [pid 26926] [client 192.168.1.1:56705] PHP Warning:  Undefined array key "note" in /var/www/html/personal/oop-php/controllers/notes/note-create.php on line 15, referer: https://oop.devserver.ro/notes/create
[Thu Nov 30 20:28:52.497134 2023] [php:error] [pid 26926] [client 192.168.1.1:58421] PHP Parse error:  syntax error, unexpected token "," in /var/www/html/personal/oop-php/controllers/notes/note-create.php on line 17, referer: https://oop.devserver.ro/notes/create
[Thu Nov 30 20:29:02.285708 2023] [php:error] [pid 26431] [client 192.168.1.1:58447] PHP Parse error:  syntax error, unexpected token ";" in /var/www/html/personal/oop-php/controllers/notes/note-create.php on line 18, referer: https://oop.devserver.ro/notes/create
[Thu Nov 30 20:38:26.160451 2023] [php:warn] [pid 33242] [client 192.168.1.1:59129] PHP Warning:  require(../views/notes/create.view.php): Failed to open stream: No such file or directory in /var/www/html/personal/oop-php/controllers/notes/create.php on line 28, referer: https://oop.devserver.ro/notes
[Thu Nov 30 20:38:26.160633 2023] [php:error] [pid 33242] [client 192.168.1.1:59129] PHP Fatal error:  Uncaught Error: Failed opening required '../views/notes/create.view.php' (include_path='.:/usr/share/php') in /var/www/html/personal/oop-php/controllers/notes/create.php:28\nStack trace:\n#0 /var/www/html/personal/oop-php/functions.php(24): require()\n#1 /var/www/html/personal/oop-php/router.php(6): routeToController()\n#2 /var/www/html/personal/oop-php/public/index.php(12): require('...')\n#3 {main}\n  thrown in /var/www/html/personal/oop-php/controllers/notes/create.php on line 28, referer: https://oop.devserver.ro/notes
[Thu Nov 30 20:41:21.741395 2023] [php:warn] [pid 26431] [client 192.168.1.1:59296] PHP Warning:  require(/var/www/html/personal/oop-php/views/notes/../views/partials/head.php): Failed to open stream: No such file or directory in /var/www/html/personal/oop-php/views/notes/create.view.php on line 1, referer: https://oop.devserver.ro/notes
[Thu Nov 30 20:41:21.741557 2023] [php:error] [pid 26431] [client 192.168.1.1:59296] PHP Fatal error:  Uncaught Error: Failed opening required '/var/www/html/personal/oop-php/views/notes/../views/partials/head.php' (include_path='.:/usr/share/php') in /var/www/html/personal/oop-php/views/notes/create.view.php:1\nStack trace:\n#0 /var/www/html/personal/oop-php/controllers/notes/create.php(28): require()\n#1 /var/www/html/personal/oop-php/functions.php(24): require('...')\n#2 /var/www/html/personal/oop-php/router.php(6): routeToController()\n#3 /var/www/html/personal/oop-php/public/index.php(12): require('...')\n#4 {main}\n  thrown in /var/www/html/personal/oop-php/views/notes/create.view.php on line 1, referer: https://oop.devserver.ro/notes
[Thu Nov 30 20:41:39.132509 2023] [php:warn] [pid 26435] [client 192.168.1.1:59314] PHP Warning:  require(/var/www/html/personal/oop-php/views/notes/views/partials/head.php): Failed to open stream: No such file or directory in /var/www/html/personal/oop-php/views/notes/create.view.php on line 1, referer: https://oop.devserver.ro/notes
[Thu Nov 30 20:41:39.132670 2023] [php:error] [pid 26435] [client 192.168.1.1:59314] PHP Fatal error:  Uncaught Error: Failed opening required '/var/www/html/personal/oop-php/views/notes/views/partials/head.php' (include_path='.:/usr/share/php') in /var/www/html/personal/oop-php/views/notes/create.view.php:1\nStack trace:\n#0 /var/www/html/personal/oop-php/controllers/notes/create.php(28): require()\n#1 /var/www/html/personal/oop-php/functions.php(24): require('...')\n#2 /var/www/html/personal/oop-php/router.php(6): routeToController()\n#3 /var/www/html/personal/oop-php/public/index.php(12): require('...')\n#4 {main}\n  thrown in /var/www/html/personal/oop-php/views/notes/create.view.php on line 1, referer: https://oop.devserver.ro/notes
[Thu Nov 30 20:41:49.496916 2023] [php:warn] [pid 33243] [client 192.168.1.1:59322] PHP Warning:  require(/var/www/html/personal/oop-php/views/notes/partials/head.php): Failed to open stream: No such file or directory in /var/www/html/personal/oop-php/views/notes/create.view.php on line 1, referer: https://oop.devserver.ro/notes
[Thu Nov 30 20:41:49.497092 2023] [php:error] [pid 33243] [client 192.168.1.1:59322] PHP Fatal error:  Uncaught Error: Failed opening required '/var/www/html/personal/oop-php/views/notes/partials/head.php' (include_path='.:/usr/share/php') in /var/www/html/personal/oop-php/views/notes/create.view.php:1\nStack trace:\n#0 /var/www/html/personal/oop-php/controllers/notes/create.php(28): require()\n#1 /var/www/html/personal/oop-php/functions.php(24): require('...')\n#2 /var/www/html/personal/oop-php/router.php(6): routeToController()\n#3 /var/www/html/personal/oop-php/public/index.php(12): require('...')\n#4 {main}\n  thrown in /var/www/html/personal/oop-php/views/notes/create.view.php on line 1, referer: https://oop.devserver.ro/notes
[Thu Nov 30 21:05:09.332803 2023] [php:error] [pid 26433] [client 192.168.1.1:60886] PHP Fatal error:  Uncaught Error: Call to undefined function var_dum() in /var/www/html/personal/oop-php/public/index.php:8\nStack trace:\n#0 {main}\n  thrown in /var/www/html/personal/oop-php/public/index.php on line 8, referer: https://oop.devserver.ro/notes
[Thu Nov 30 21:07:33.045596 2023] [php:error] [pid 33241] [client 192.168.1.1:60976] PHP Fatal error:  Uncaught Error: Call to undefined function base_path() in /var/www/html/personal/oop-php/public/index.php:8\nStack trace:\n#0 {main}\n  thrown in /var/www/html/personal/oop-php/public/index.php on line 8, referer: https://oop.devserver.ro/note?id=1
[Thu Nov 30 21:12:05.341935 2023] [php:warn] [pid 33243] [client 192.168.1.1:61092] PHP Warning:  require(/var/www/html/personal/oop-php/views/notes): Failed to open stream: No such file or directory in /var/www/html/personal/oop-php/controllers/notes/notes.php on line 11, referer: https://oop.devserver.ro/notes
[Thu Nov 30 21:12:05.342131 2023] [php:error] [pid 33243] [client 192.168.1.1:61092] PHP Fatal error:  Uncaught Error: Failed opening required '/var/www/html/personal/oop-php/public/../views//notes' (include_path='.:/usr/share/php') in /var/www/html/personal/oop-php/controllers/notes/notes.php:11\nStack trace:\n#0 /var/www/html/personal/oop-php/functions.php(24): require()\n#1 /var/www/html/personal/oop-php/router.php(6): routeToController()\n#2 /var/www/html/personal/oop-php/public/index.php(14): require('...')\n#3 {main}\n  thrown in /var/www/html/personal/oop-php/controllers/notes/notes.php on line 11, referer: https://oop.devserver.ro/notes
[Thu Nov 30 21:12:20.483494 2023] [php:warn] [pid 27520] [client 192.168.1.1:61098] PHP Warning:  Undefined array key "REQUEST_URL" in /var/www/html/personal/oop-php/controllers/notes/notes.php on line 11, referer: https://oop.devserver.ro/notes
[Thu Nov 30 21:12:20.483651 2023] [php:warn] [pid 27520] [client 192.168.1.1:61098] PHP Warning:  require(/var/www/html/personal/oop-php/views): Failed to open stream: No such file or directory in /var/www/html/personal/oop-php/controllers/notes/notes.php on line 11, referer: https://oop.devserver.ro/notes
[Thu Nov 30 21:12:20.483779 2023] [php:error] [pid 27520] [client 192.168.1.1:61098] PHP Fatal error:  Uncaught Error: Failed opening required '/var/www/html/personal/oop-php/public/../views/' (include_path='.:/usr/share/php') in /var/www/html/personal/oop-php/controllers/notes/notes.php:11\nStack trace:\n#0 /var/www/html/personal/oop-php/functions.php(24): require()\n#1 /var/www/html/personal/oop-php/router.php(6): routeToController()\n#2 /var/www/html/personal/oop-php/public/index.php(14): require('...')\n#3 {main}\n  thrown in /var/www/html/personal/oop-php/controllers/notes/notes.php on line 11, referer: https://oop.devserver.ro/notes
[Thu Nov 30 21:13:36.667832 2023] [php:warn] [pid 26433] [client 192.168.1.1:61165] PHP Warning:  require(/var/www/html/personal/oop-php/views/notes): Failed to open stream: No such file or directory in /var/www/html/personal/oop-php/controllers/notes/notes.php on line 11, referer: https://oop.devserver.ro/notes
[Thu Nov 30 21:13:36.668005 2023] [php:error] [pid 26433] [client 192.168.1.1:61165] PHP Fatal error:  Uncaught Error: Failed opening required '/var/www/html/personal/oop-php/public/../views//notes' (include_path='.:/usr/share/php') in /var/www/html/personal/oop-php/controllers/notes/notes.php:11\nStack trace:\n#0 /var/www/html/personal/oop-php/functions.php(24): require()\n#1 /var/www/html/personal/oop-php/router.php(6): routeToController()\n#2 /var/www/html/personal/oop-php/public/index.php(14): require('...')\n#3 {main}\n  thrown in /var/www/html/personal/oop-php/controllers/notes/notes.php on line 11, referer: https://oop.devserver.ro/notes
[Thu Nov 30 21:14:01.576782 2023] [php:warn] [pid 26540] [client 192.168.1.1:61187] PHP Warning:  require(/var/www/html/personal/oop-php/public/../views//notesview.php): Failed to open stream: No such file or directory in /var/www/html/personal/oop-php/controllers/notes/notes.php on line 11, referer: https://oop.devserver.ro/notes
[Thu Nov 30 21:14:01.576948 2023] [php:error] [pid 26540] [client 192.168.1.1:61187] PHP Fatal error:  Uncaught Error: Failed opening required '/var/www/html/personal/oop-php/public/../views//notesview.php' (include_path='.:/usr/share/php') in /var/www/html/personal/oop-php/controllers/notes/notes.php:11\nStack trace:\n#0 /var/www/html/personal/oop-php/functions.php(24): require()\n#1 /var/www/html/personal/oop-php/router.php(6): routeToController()\n#2 /var/www/html/personal/oop-php/public/index.php(14): require('...')\n#3 {main}\n  thrown in /var/www/html/personal/oop-php/controllers/notes/notes.php on line 11, referer: https://oop.devserver.ro/notes
[Thu Nov 30 21:14:15.589471 2023] [php:warn] [pid 26431] [client 192.168.1.1:61204] PHP Warning:  require(/var/www/html/personal/oop-php/public/../views//notes.view.php): Failed to open stream: No such file or directory in /var/www/html/personal/oop-php/controllers/notes/notes.php on line 11, referer: https://oop.devserver.ro/notes
[Thu Nov 30 21:14:15.589638 2023] [php:error] [pid 26431] [client 192.168.1.1:61204] PHP Fatal error:  Uncaught Error: Failed opening required '/var/www/html/personal/oop-php/public/../views//notes.view.php' (include_path='.:/usr/share/php') in /var/www/html/personal/oop-php/controllers/notes/notes.php:11\nStack trace:\n#0 /var/www/html/personal/oop-php/functions.php(24): require()\n#1 /var/www/html/personal/oop-php/router.php(6): routeToController()\n#2 /var/www/html/personal/oop-php/public/index.php(14): require('...')\n#3 {main}\n  thrown in /var/www/html/personal/oop-php/controllers/notes/notes.php on line 11, referer: https://oop.devserver.ro/notes
[Thu Nov 30 21:14:25.398316 2023] [php:warn] [pid 33242] [client 192.168.1.1:61206] PHP Warning:  require(/var/www/html/personal/oop-php/public/../views/notes.view.php): Failed to open stream: No such file or directory in /var/www/html/personal/oop-php/controllers/notes/notes.php on line 11, referer: https://oop.devserver.ro/notes
[Thu Nov 30 21:14:25.398487 2023] [php:error] [pid 33242] [client 192.168.1.1:61206] PHP Fatal error:  Uncaught Error: Failed opening required '/var/www/html/personal/oop-php/public/../views/notes.view.php' (include_path='.:/usr/share/php') in /var/www/html/personal/oop-php/controllers/notes/notes.php:11\nStack trace:\n#0 /var/www/html/personal/oop-php/functions.php(24): require()\n#1 /var/www/html/personal/oop-php/router.php(6): routeToController()\n#2 /var/www/html/personal/oop-php/public/index.php(14): require('...')\n#3 {main}\n  thrown in /var/www/html/personal/oop-php/controllers/notes/notes.php on line 11, referer: https://oop.devserver.ro/notes
[Thu Nov 30 21:14:37.026743 2023] [php:warn] [pid 33241] [client 192.168.1.1:61236] PHP Warning:  require(/var/www/html/personal/oop-php/public/../views/notes/notes.view.php): Failed to open stream: No such file or directory in /var/www/html/personal/oop-php/controllers/notes/notes.php on line 11, referer: https://oop.devserver.ro/notes
